// Jest Snapshot v1, https://goo.gl/fbAQLP

exports[`Filter component Filter component renders correctly 1`] = `
<form
  className="filter-form"
>
  <label
    className="label-filter"
  >
    Category:
  </label>
  <select
    className="select-filter"
    id="category"
    name="category"
    onChange={[Function]}
    value="All"
  >
    <option
      className="option-filter"
      value="All"
    >
      All
    </option>
    <option
      className="option-filter"
      value="Beef"
    >
      Beef
    </option>
    <option
      className="option-filter"
      value="Breakfast"
    >
      Breakfast
    </option>
    <option
      className="option-filter"
      value="Chicken"
    >
      Chicken
    </option>
    <option
      className="option-filter"
      value="Dessert"
    >
      Dessert
    </option>
    <option
      className="option-filter"
      value="Goat"
    >
      Goat
    </option>
    <option
      className="option-filter"
      value="Lamb"
    >
      Lamb
    </option>
    <option
      className="option-filter"
      value="Miscellaneous"
    >
      Miscellaneous
    </option>
    <option
      className="option-filter"
      value="Pasta"
    >
      Pasta
    </option>
    <option
      className="option-filter"
      value="Pork"
    >
      Pork
    </option>
    <option
      className="option-filter"
      value="Seafood"
    >
      Seafood
    </option>
    <option
      className="option-filter"
      value="Side"
    >
      Side
    </option>
    <option
      className="option-filter"
      value="Starter"
    >
      Starter
    </option>
    <option
      className="option-filter"
      value="Vegan"
    >
      Vegan
    </option>
    <option
      className="option-filter"
      value="Vegetarian"
    >
      Vegetarian
    </option>
  </select>
</form>
`;
